// Jest Snapshot v1, https://goo.gl/fbAQLP

exports[`expenselist is rendering the component properly validate list rendered properly 1`] = `
<div>
  <h1>
    Expense List
  </h1>
  <Connect(ExpenseListItem)
    amount={195}
    createdAt={0}
    description="Gum"
    id="1"
    key="1"
    note=""
  />
  <Connect(ExpenseListItem)
    amount={1095}
    createdAt={-1000}
    description="Rent"
    id="2"
    key="2"
    note=""
  />
  <Connect(ExpenseListItem)
    amount={450}
    createdAt={1000}
    description="Loan"
    id="3"
    key="3"
    note=""
  />
</div>
`;
